---
source: src/validator.rs
expression: validator_0_seats.seats()
---
[]

